[www.obelisk.me.uk/6502/index.html]
[backblue.gif]
[fade.gif]
[index.html]
[www.obelisk.me.uk/obelisk.css]
[pagead2.googlesyndication.com/pagead/f.txt]
[www.obelisk.me.uk/6502/downloads.html]
[www.obelisk.me.uk/6502/architecture.html]
[www.obelisk.me.uk/6502/registers.html]
[www.obelisk.me.uk/6502/instructions.html]
[www.obelisk.me.uk/6502/addressing.html]
[www.obelisk.me.uk/6502/links.html]
[www.obelisk.me.uk/6502/algorithms.html]
[www.obelisk.me.uk/6502/reference.html]
[t.webring.com/go.ac548.delayed]
[t.webring.org/go.bc548.delayed]
[hub.webring.org/hub/6502webring.c.delayed]
[hub.yourtakeonscience.com/hub/6502webring.html]
[www.obelisk.me.uk/6502/ringprev.jpg]
[t.webring.com/hub.fe3bb.delayed]
[www.obelisk.me.uk/6502/6502ring.jpg]
[t.webring.com/go.119177.delayed]
[t.webring.org/go.129177.delayed]
[www.obelisk.me.uk/6502/ringnext.jpg]
[ss.webring.com/navbar.1419c4.delayed]
[ss.webring.org/navbar4e61.js]
[ss.webring.com/navbar.164008.delayed]
[ss.webring.org/navbarc417.html]
[www.obelisk.me.uk/6502/index.html]
[www.obelisk.me.uk/obelisk.css]
[www.obelisk.me.uk/6502/6502.zip]
[www.obelisk.me.uk/6502/downloads.html]
[www.obelisk.me.uk/6502/architecture.html]
[www.obelisk.me.uk/6502/registers.html]
[www.obelisk.me.uk/6502/instructions.html]
[www.obelisk.me.uk/6502/addressing.html]
[www.obelisk.me.uk/6502/algorithms.html]
[www.obelisk.me.uk/6502/reference.html]
[www.obelisk.me.uk/6502/links.html]
[www.obelisk.me.uk/6502/index-2.html]
[t.webring.com/wrman.1d8076.delayed]
[img1.webring.org/images/quote.png]
[img1.webring.org/images/body_bg_12.png]
[pagead2.googlesyndication.com/pagead/js/f.txt]
[img1.webring.org/images/header_wr2_bg.png]
[img1.webring.org/images/search_hi.png]
[img1.webring.org/images/SearchBarButton.png]
[img1.webring.com/images/speech.png]
[img1.webring.com/images/LoginIcon.png]
[img1.webring.com/webringlogo.png]
[img1.webring.org/images/button_bg_w.png]
[hub.yourtakeonscience.com/hub/6502webringcd49.html]
[img1.webring.com/images/PostButtonTopBar.png]
[img1.webring.com/spinner.gif]
[img1.webring.com/images/bg_blue.gif]
[img1.webring.com/mini_help.gif]
[hub.yourtakeonscience.com/hub/6502webring1da3.html]
[hub.yourtakeonscience.com/hub/6502webring358c.html]
[hub.yourtakeonscience.com/hub/6502webringeeb5.html]
[hub.yourtakeonscience.com/hub/6502webring8582.html]
[hub.yourtakeonscience.com/hub/6502webringcfe7.html]
[hub.yourtakeonscience.com/hub/6502webring061b.html]
[ajax.googleapis.com/ajax/libs/jquery/1.8.2/jquery.min.js]
[img2.webring.com/wrjs.js]
[assets.pinterest.com/js/pinit.js]
[www.statcounter.com/counter/counter.js]
[hub.yourtakeonscience.com/hub/6502webring.html]
[img2.webring.com/jquery.lazyload.min.js]
[www.hytherion.com/beattidp/index.html]
[t.webring.com/cgi-bin/Hubsearch.3981dd.delayed]
[ss.webring.org/navbar4e61.js]
[img.webring.com/style.css]
[img.webring.com/wrjs.js]
[img.webring.com/wr-logo_rev1.gif]
[s7.addthis.com/static/btn/v2/lg-share-en.gif]
[ss.webring.org/cgi-bin/newpage.3f.delayed]
[img.webring.com/pub.png]
[img.webring.com/bubble22.png]
[s7.addthis.com/js/300/addthis_widget.js]
[ss.webring.org/rw.42.delayed]
[ss.webring.org/h/new.43.delayed]
[ss.webring.org/cgi-bin/login.44d56b.delayed]
[img.webring.com/magnifying-glass.gif]
[ss.webring.org/cgi-bin/mailafriend.46c461.delayed]
[img.webring.com/tell-a-friend-icon.gif]
[img.webring.com/header_bg.gif]
[s7.addthis.com/js/250/addthis_widget.js]
[img.webring.com/ha15d.gif]
[img.webring.com/lhs.gif]
[ss.webring.org/dir.4b.delayed]
[ss.webring.org/h/learnmore.4c.delayed]
[t.webring.com/wrman.4d49f9.delayed]
[img.webring.com/rhs.gif]
[img.webring.com/footer_27b.gif]
[ss.webring.org/h/cool.51.delayed]
[ss.webring.org/cgi-bin/members/blogcategory.52.delayed]
[ss.webring.org/h/forums.54.delayed]
[ss.webring.org/h/nl_0911.55.delayed]
[ss.webring.org/h/contact.56.delayed]
[ss.webring.org/navbarc417.html]
[edge.quantserve.com/quant.js]
[www.obelisk.me.uk/6502/maclib.html]
[www.obelisk.me.uk/6502/bbc.html]
[www.obelisk.me.uk/6502/debug.html]
[www.obelisk.me.uk/6502/index-2.html]
[hub.yourtakeonscience.com/hub/6502webring75f7.html]
[hub.yourtakeonscience.com/hub/6502webringcd49.html]
[hub.yourtakeonscience.com/hub/6502webring7b56.html]
[hub.yourtakeonscience.com/hub/6502webring1da3.html]
[hub.yourtakeonscience.com/hub/6502webring2710.html]
[hub.yourtakeonscience.com/hub/6502webring358c.html]
[hub.yourtakeonscience.com/hub/6502webring8c28.html]
[hub.yourtakeonscience.com/hub/6502webringeeb5.html]
[hub.yourtakeonscience.com/hub/6502webring57ea.html]
[hub.yourtakeonscience.com/hub/6502webring8582.html]
[hub.yourtakeonscience.com/hub/6502webring9c5b.html]
[hub.yourtakeonscience.com/hub/6502webringcfe7.html]
[hub.yourtakeonscience.com/hub/6502webring7572.html]
[hub.yourtakeonscience.com/hub/6502webring061b.html]
[hub.yourtakeonscience.com/hub/http.html]
[www.statcounter.com/counter/counter.js]
[img.webring.com/images/seperatorlt.gif]
[hub.yourtakeonscience.com/hub/statcounter.com/localstorage/index.html]
[img.webring.com/images/hover.gif]
[img.webring.com/header-shadows_06.gif]
[img.webring.com/header-shadows_10.gif]
[img.webring.com/R360_home_logo_large.png]
[img.webring.com/box1.png]
[img.webring.com/greanbox_l1.gif]
[img.webring.com/toparea.gif]
[img.webring.com/grnbox1.gif]
[img.webring.com/fuzzgrn1.png]
[img.webring.com/end.gif]
[img.webring.com/ppl_h.gif]
[img.webring.com/ppl_1.gif]
[img.webring.com/mail_h.gif]
[img.webring.com/crtop.png]
[img.webring.com/mail_1.gif]
[img.webring.com/prj_h1.png]
[img.webring.com/prj_11.png]
[img.webring.com/lib_h.gif]
[img.webring.com/lib_1.gif]
[img.webring.com/R360_home_icongraphic.png]
[img.webring.com/r360_1.gif]
[img.webring.com/fuzzybtn.png]
[img.webring.com/fb.png]
[img.webring.com/cl35.png]
[img.webring.com/cl4.png]
[img.webring.com/http;/img.webring.com/footer_bg.84.delayed]
[img.webring.com/style.css]
[ss.webring.org/cgi-bin/newpage.html]
[ss.webring.org/cgi-bin/logind56b.html]
[ss.webring.org/cgi-bin/mailafriendc461.html]
[ss.webring.org/dir.html]
[ss.webring.org/cgi-bin/members/blogcategory.html]
[edge.quantserve.com/quant.js]
[hub.yourtakeonscience.com/style.css]
[img1.webring.com/wrjs.js]
[hub.yourtakeonscience.com/hub/6502webringac3f.html]
[img.webring.com/cl5.png]
[img.webring.com/cl6.png]
[img.webring.com/lat.gif]
[hub.yourtakeonscience.com/hub/6502webringd08d.html]
[img.webring.com/lar.gif]
[hub.yourtakeonscience.com/hub/6502webring75f7.html]
[hub.yourtakeonscience.com/hub/6502webring2bce.html]
[hub.yourtakeonscience.com/hub/6502webring0e69.html]
[hub.yourtakeonscience.com/hub/6502webring7b56.html]
[hub.yourtakeonscience.com/hub/6502webring6a34.html]
[hub.yourtakeonscience.com/hub/6502webring2710.html]
[hub.yourtakeonscience.com/hub/6502webring1a0f.html]
[img.webring.com/s/q6/65c02/10182956_b.png]
[hub.yourtakeonscience.com/hub/6502webring8c28.html]
[img.webring.com/s/rb/bobsc/defurl_b.png]
[hub.yourtakeonscience.com/hub/6502webring690b.html]
[hub.yourtakeonscience.com/hub/6502webring57ea.html]
[img.webring.com/s/sa/andrew_jacobs/10039925_b.png]
[img.webring.com/s/fb/beattidp/10024380_b.png]
[hub.yourtakeonscience.com/hub/6502webring9c5b.html]
[hub.yourtakeonscience.com/hub/6502webring7572.html]
[img.webring.com/s/hp/philpem/10133946_b.png]
[hub.yourtakeonscience.com/hub/default76a7.html]
[hub.yourtakeonscience.com/hub/default.html]
[hub.yourtakeonscience.com/hub/defaultb919.html]
[hub.yourtakeonscience.com/hub/default0e56.html]
[hub.yourtakeonscience.com/hub/default75e7.html]
[hub.yourtakeonscience.com/hub/defaultb062.html]
[hub.yourtakeonscience.com/hub/default152a.html]
[hub.yourtakeonscience.com/hub/default3b38.html]
[img.webring.com/s/pm/mickael_pointier/10010917_b.png]
[hub.yourtakeonscience.com/hub/defaultf889.html]
[hub.yourtakeonscience.com/hub/default8d37.html]
[hub.yourtakeonscience.com/hub/default4c63.html]
[hub.yourtakeonscience.com/hub/default258d.html]
[hub.yourtakeonscience.com/hub/http.html]
[hub.yourtakeonscience.com/hub/statcounter.com/localstorage/index.html]
[img.webring.com/http;/img.webring.com/footer_bg.html]
[img.webring.com/digg.png]
[hub.yourtakeonscience.com/style.css]
[img.webring.com/facebook.png]
[hub.yourtakeonscience.com/hub/6502webringac3f.html]
[hub.yourtakeonscience.com/hub/6502webringd08d.html]
[hub.yourtakeonscience.com/hub/6502webring2bce.html]
[img.webring.com/s/a0/_b.a5.delayed]
[hub.yourtakeonscience.com/hub/6502webring0e69.html]
[hub.yourtakeonscience.com/hub/6502webring6a34.html]
[hub.yourtakeonscience.com/hub/6502webring1a0f.html]
[hub.yourtakeonscience.com/hub/6502webring690b.html]
[img.webring.com/s/or/rw6hrm/defurl_b.png]
[hub.yourtakeonscience.com/hub/defaultac93.html]
[hub.yourtakeonscience.com/hub/default9d57.html]
[hub.yourtakeonscience.com/hub/defaultdd0a.html]
[hub.yourtakeonscience.com/hub/default28b9.html]
[hub.yourtakeonscience.com/hub/defaulta085.html]
[hub.yourtakeonscience.com/hub/default02a0.html]
[hub.yourtakeonscience.com/hub/default8f24.html]
[hub.yourtakeonscience.com/hub/default838e.html]
[hub.yourtakeonscience.com/hub/default44f3.html]
[hub.yourtakeonscience.com/hub/default3e05.html]
[hub.yourtakeonscience.com/hub/default061b.html]
[hub.yourtakeonscience.com/hub/default2476.html]
[hub.yourtakeonscience.com/hub/default76a7.html]
[hub.yourtakeonscience.com/hub/default.html]
[hub.yourtakeonscience.com/hub/default3a1b.html]
[hub.yourtakeonscience.com/hub/defaultb919.html]
[hub.yourtakeonscience.com/hub/defaultbd45.html]
[hub.yourtakeonscience.com/hub/default0e56.html]
[hub.yourtakeonscience.com/hub/default71a5.html]
[hub.yourtakeonscience.com/hub/default75e7.html]
[hub.yourtakeonscience.com/hub/default0d5b.html]
[hub.yourtakeonscience.com/hub/defaultb062.html]
[hub.yourtakeonscience.com/hub/default9f84.html]
[hub.yourtakeonscience.com/hub/default152a.html]
[hub.yourtakeonscience.com/hub/default9538.html]
[hub.yourtakeonscience.com/hub/default3b38.html]
[hub.yourtakeonscience.com/hub/default01d1.html]
[hub.yourtakeonscience.com/hub/defaultf889.html]
[hub.yourtakeonscience.com/hub/defaultd20e.html]
[hub.yourtakeonscience.com/hub/default8d37.html]
[hub.yourtakeonscience.com/hub/default6416.html]
[hub.yourtakeonscience.com/hub/default4c63.html]
[hub.yourtakeonscience.com/hub/default0ca1.html]
[hub.yourtakeonscience.com/hub/default258d.html]
[img.webring.com/s/a0/_b.html]
[hub.yourtakeonscience.com/hub/defaultac93.html]
[hub.yourtakeonscience.com/hub/default6792.html]
[hub.yourtakeonscience.com/hub/default2ee0.html]
[hub.yourtakeonscience.com/hub/defaultc0f0.html]
[hub.yourtakeonscience.com/hub/default8c99.html]
[hub.yourtakeonscience.com/hub/default559d.html]
[hub.yourtakeonscience.com/hub/default7911.html]
[hub.yourtakeonscience.com/hub/default9cf3.html]
[hub.yourtakeonscience.com/hub/default77c6.html]
[hub.yourtakeonscience.com/hub/default3afb.html]
[hub.yourtakeonscience.com/hub/defaultbd33.html]
[hub.yourtakeonscience.com/hub/default7afb.html]
[hub.yourtakeonscience.com/hub/default9d57.html]
[hub.yourtakeonscience.com/hub/defaultbdb1.html]
[hub.yourtakeonscience.com/hub/defaultdd0a.html]
[hub.yourtakeonscience.com/hub/defaultbb69.html]
[hub.yourtakeonscience.com/hub/default28b9.html]
[hub.yourtakeonscience.com/hub/defaultefde.html]
[hub.yourtakeonscience.com/hub/defaulta085.html]
[hub.yourtakeonscience.com/hub/defaultbfd4.html]
[hub.yourtakeonscience.com/hub/default02a0.html]
[hub.yourtakeonscience.com/hub/default0039.html]
[hub.yourtakeonscience.com/hub/default8f24.html]
[hub.yourtakeonscience.com/hub/default2938.html]
[hub.yourtakeonscience.com/hub/default838e.html]
[hub.yourtakeonscience.com/hub/defaultfe70.html]
[hub.yourtakeonscience.com/hub/default44f3.html]
[hub.yourtakeonscience.com/hub/default780e.html]
[hub.yourtakeonscience.com/hub/default3e05.html]
[hub.yourtakeonscience.com/hub/default7572.html]
[hub.yourtakeonscience.com/hub/default061b.html]
[hub.yourtakeonscience.com/hub/default427c.html]
[hub.yourtakeonscience.com/hub/default2476.html]
[hub.yourtakeonscience.com/hub/default6a34.html]
[hub.yourtakeonscience.com/hub/defaultab94.html]
[hub.yourtakeonscience.com/hub/default3a1b.html]
[hub.yourtakeonscience.com/hub/default22fa.html]
[hub.yourtakeonscience.com/hub/default3858.html]
[img.webring.com/s/kn/noriko/988583720103_b.d6.delayed]
[hub.yourtakeonscience.com/hub/defaultbd45.html]
[hub.yourtakeonscience.com/hub/default2780.html]
[hub.yourtakeonscience.com/hub/default71a5.html]
[hub.yourtakeonscience.com/hub/defaultb472.html]
[hub.yourtakeonscience.com/hub/default0d5b.html]
[hub.yourtakeonscience.com/hub/default3358.html]
[img.webring.com/s/ip/peterwesternuk/10195284_b.png]
[hub.yourtakeonscience.com/hub/default9f84.html]
[img.webring.com/s/bk/king5021/10007319_b.png]
[hub.yourtakeonscience.com/hub/default9ca5.html]
[hub.yourtakeonscience.com/hub/default9538.html]
[hub.yourtakeonscience.com/hub/defaultaa90.html]
[img.webring.com/s/bk/king5021/10093653_b.png]
[hub.yourtakeonscience.com/hub/default01d1.html]
[hub.yourtakeonscience.com/hub/default4a8f.html]
[img.webring.com/s/ip/peterwesternuk/10195831_b.png]
[hub.yourtakeonscience.com/hub/defaultd20e.html]
[img.webring.com/s/so/offthebeatenpathdotws1/defurl1_b.png]
[hub.yourtakeonscience.com/hub/default.e378e7.delayed]
[hub.yourtakeonscience.com/hub/default6416.html]
[hub.yourtakeonscience.com/hub/default33db.html]
[img.webring.com/s/jb/bennecelli/10096577_b.png]
[img.webring.com/s/vw/wrug/10087308_b.png]
[hub.yourtakeonscience.com/hub/default0ca1.html]
[hub.yourtakeonscience.com/hub/defaultde78.html]
[hub.yourtakeonscience.com/hub/default2dd9.html]
[hub.yourtakeonscience.com/hub/default714c.html]
[hub.yourtakeonscience.com/hub/defaulte79a.html]
[hub.yourtakeonscience.com/hub/defaultf315.html]
[hub.yourtakeonscience.com/hub/default4696.html]
[hub.yourtakeonscience.com/hub/default6897.html]
[hub.yourtakeonscience.com/hub/default88ac.html]
[hub.yourtakeonscience.com/hub/defaultccde.html]
[hub.yourtakeonscience.com/hub/default2d42.html]
[hub.yourtakeonscience.com/hub/default9413.html]
[hub.yourtakeonscience.com/hub/default6792.html]
[hub.yourtakeonscience.com/hub/defaultc7f6.html]
[hub.yourtakeonscience.com/hub/default2ee0.html]
[hub.yourtakeonscience.com/hub/defaultb4e7.html]
[hub.yourtakeonscience.com/hub/defaultc0f0.html]
[hub.yourtakeonscience.com/hub/defaultca33.html]
[hub.yourtakeonscience.com/hub/default8c99.html]
[hub.yourtakeonscience.com/hub/defaultb3b2.html]
[hub.yourtakeonscience.com/hub/default559d.html]
[hub.yourtakeonscience.com/hub/defaultc132.html]
[hub.yourtakeonscience.com/hub/default7911.html]
[hub.yourtakeonscience.com/hub/defaulteff1.html]
[hub.yourtakeonscience.com/hub/default9cf3.html]
[hub.yourtakeonscience.com/hub/defaultd9af.html]
[hub.yourtakeonscience.com/hub/default77c6.html]
[hub.yourtakeonscience.com/hub/defaultf4b7.html]
[hub.yourtakeonscience.com/hub/default3afb.html]
[hub.yourtakeonscience.com/hub/defaultba18.html]
[hub.yourtakeonscience.com/hub/defaultbd33.html]
[hub.yourtakeonscience.com/hub/default49bb.html]
[hub.yourtakeonscience.com/hub/default7afb.html]
[hub.yourtakeonscience.com/hub/default2406.html]
[hub.yourtakeonscience.com/hub/defaultbdb1.html]
[img.webring.com/s/ka/andrea2292/10099568_b.png]
[hub.yourtakeonscience.com/hub/default72fd.html]
[hub.yourtakeonscience.com/hub/defaultbb69.html]
[hub.yourtakeonscience.com/hub/defaultabb2.html]
[hub.yourtakeonscience.com/hub/defaultefde.html]
[img.webring.com/s/wj/joedunphy/10185997_b.png]
[hub.yourtakeonscience.com/hub/defaultf331.html]
[img.webring.com/s/uz/zilver/10149699_b.png]
[hub.yourtakeonscience.com/hub/defaultbfd4.html]
[hub.yourtakeonscience.com/hub/default7b80.html]
[img.webring.com/s/vs/south_devon_players/defurl_b.png]
[hub.yourtakeonscience.com/hub/default0039.html]
[hub.yourtakeonscience.com/hub/default7684.html]
[img.webring.com/s/lb/black_rock_city/200082922_b.png]
[hub.yourtakeonscience.com/hub/default2938.html]
[img.webring.com/s/ga/androb/988313933100_b.png]
[hub.yourtakeonscience.com/hub/defaultf5b3.html]
[hub.yourtakeonscience.com/hub/defaultfe70.html]
[hub.yourtakeonscience.com/hub/defaultac3f.html]
[hub.yourtakeonscience.com/hub/default780e.html]
[img.webring.com/s/tr/rings/defurl_b.png]
[hub.yourtakeonscience.com/hub/default1e49.html]
[img.webring.com/s/me/elomstrapunzillo/970328739100_b.10e.delayed]
[hub.yourtakeonscience.com/hub/default7572.html]
[hub.yourtakeonscience.com/hub/default0aee.html]
[hub.yourtakeonscience.com/hub/default427c.html]
[img.webring.com/s/cf/fuller/10192349_b.png]
[hub.yourtakeonscience.com/hub/defaultf240.html]
[hub.yourtakeonscience.com/hub/default6a34.html]
[img.webring.com/s/ul/lhorst/defurl_b.png]
[hub.yourtakeonscience.com/hub/defaultab94.html]
[hub.yourtakeonscience.com/hub/default22fa.html]
[hub.yourtakeonscience.com/hub/default3858.html]
[img.webring.com/s/kn/noriko/988583720103_b.html]
[hub.yourtakeonscience.com/hub/default2780.html]
[hub.yourtakeonscience.com/hub/defaultb472.html]
[hub.yourtakeonscience.com/hub/default3358.html]
[hub.yourtakeonscience.com/hub/default9ca5.html]
[hub.yourtakeonscience.com/hub/defaultaa90.html]
[hub.yourtakeonscience.com/hub/default4a8f.html]
[hub.yourtakeonscience.com/hub/default33db.html]
[hub.yourtakeonscience.com/hub/defaultf83a.html]
[hub.yourtakeonscience.com/hub/defaulta266.html]
[img.webring.com/s/ip/peterwesternuk/10003144_b.png]
[hub.yourtakeonscience.com/hub/defaultbfdc.html]
[hub.yourtakeonscience.com/hub/defaultece5.html]
[hub.yourtakeonscience.com/hub/default5dad.html]
[hub.yourtakeonscience.com/hub/default4656.html]
[hub.yourtakeonscience.com/hub/defaultd274.html]
[hub.yourtakeonscience.com/hub/default6ec3.html]
[hub.yourtakeonscience.com/hub/default146c.html]
[hub.yourtakeonscience.com/hub/defaulteeba.html]
[hub.yourtakeonscience.com/hub/default7ec8.html]
[hub.yourtakeonscience.com/hub/defaultde78.html]
[hub.yourtakeonscience.com/hub/defaultd311.html]
[hub.yourtakeonscience.com/hub/default2dd9.html]
[hub.yourtakeonscience.com/hub/default6d4d.html]
[hub.yourtakeonscience.com/hub/default714c.html]
[hub.yourtakeonscience.com/hub/default12ef.html]
[hub.yourtakeonscience.com/hub/defaulte79a.html]
[hub.yourtakeonscience.com/hub/default7de6.html]
[hub.yourtakeonscience.com/hub/defaultf315.html]
[hub.yourtakeonscience.com/hub/defaulte888.html]
[hub.yourtakeonscience.com/hub/default4696.html]
[hub.yourtakeonscience.com/hub/defaulta5e4.html]
[hub.yourtakeonscience.com/hub/default6897.html]
[hub.yourtakeonscience.com/hub/defaulta138.html]
[hub.yourtakeonscience.com/hub/default88ac.html]
[hub.yourtakeonscience.com/hub/defaultb930.html]
[hub.yourtakeonscience.com/hub/defaultccde.html]
[hub.yourtakeonscience.com/hub/default409e.html]
[hub.yourtakeonscience.com/hub/default2d42.html]
[hub.yourtakeonscience.com/hub/defaultfa76.html]
[hub.yourtakeonscience.com/hub/default9413.html]
[hub.yourtakeonscience.com/hub/default66bd.html]
[hub.yourtakeonscience.com/hub/defaultc7f6.html]
[hub.yourtakeonscience.com/hub/defaultcb37.html]
[img.webring.com/s/kw/webringdooley/defurl_b.12d.delayed]
[hub.yourtakeonscience.com/hub/defaultb4e7.html]
[hub.yourtakeonscience.com/hub/default8a49.html]
[hub.yourtakeonscience.com/hub/defaultca33.html]
[img.webring.com/s/md/dreamontoyz/10140160_b.png]
[hub.yourtakeonscience.com/hub/default5c73.html]
[img.webring.com/s/bs/superman59/10134849_b.131.delayed]
[hub.yourtakeonscience.com/hub/defaultb3b2.html]
[hub.yourtakeonscience.com/hub/default79ee.html]
[img.webring.com/s/ha/amberfirez/10047433_b.133.delayed]
[hub.yourtakeonscience.com/hub/defaultc132.html]
[hub.yourtakeonscience.com/hub/defaultcf15.html]
[img.webring.com/s/cm/moonscar/10126750_b.png]
[hub.yourtakeonscience.com/hub/defaulteff1.html]
[hub.yourtakeonscience.com/hub/default443e.html]
[img.webring.com/s/wk/kiddoconnell/996333664104_b.137.delayed]
[hub.yourtakeonscience.com/hub/defaultd9af.html]
[hub.yourtakeonscience.com/hub/default8bf2.html]
[img.webring.com/s/td/darth_maul_8065/993504543104_b.139.delayed]
[hub.yourtakeonscience.com/hub/defaultf4b7.html]
[hub.yourtakeonscience.com/hub/default6a25.html]
[img.webring.com/s/wt/tim_skirvin_ring/10183428_b.png]
[hub.yourtakeonscience.com/hub/defaultba18.html]
[hub.yourtakeonscience.com/hub/default2a9b.html]
[img.webring.com/s/ct/tom_b100/10101186_b.13d.delayed]
[hub.yourtakeonscience.com/hub/default49bb.html]
[hub.yourtakeonscience.com/hub/default2406.html]
[hub.yourtakeonscience.com/hub/default72fd.html]
[hub.yourtakeonscience.com/hub/defaultabb2.html]
[hub.yourtakeonscience.com/hub/defaultf331.html]
[hub.yourtakeonscience.com/hub/default7b80.html]
[hub.yourtakeonscience.com/hub/default7684.html]
[hub.yourtakeonscience.com/hub/defaultf5b3.html]
[hub.yourtakeonscience.com/hub/defaultac3f.html]
[hub.yourtakeonscience.com/hub/default1e49.html]
[img.webring.com/s/me/elomstrapunzillo/970328739100_b.html]
[hub.yourtakeonscience.com/hub/default0aee.html]
[hub.yourtakeonscience.com/hub/defaulta9cd.html]
[hub.yourtakeonscience.com/hub/defaultf240.html]
[img.webring.com/s/el/littledarkraven/10130240_b.png]
[hub.yourtakeonscience.com/hub/defaulteb22.html]
[hub.yourtakeonscience.com/hub/defaultfc0f.html]
[hub.yourtakeonscience.com/hub/defaulte013.html]
[hub.yourtakeonscience.com/hub/defaultb74c.html]
[hub.yourtakeonscience.com/hub/defaultab41.html]
[hub.yourtakeonscience.com/hub/defaultf34f.html]
[hub.yourtakeonscience.com/hub/defaulta05d.html]
[img.webring.com/s/ke/emjae/10149449_b.png]
[hub.yourtakeonscience.com/hub/defaultd54c.html]
[hub.yourtakeonscience.com/hub/defaultf250.html]
[img.webring.com/s/pd/deborah_beachboard/10075749_b.png]
[hub.yourtakeonscience.com/hub/defaultf282.html]
[hub.yourtakeonscience.com/hub/default3aeb.html]
[hub.yourtakeonscience.com/hub/defaultf83a.html]
[hub.yourtakeonscience.com/hub/defaultbf53.html]
[hub.yourtakeonscience.com/hub/defaulta266.html]
[hub.yourtakeonscience.com/hub/default1eaf.html]
[hub.yourtakeonscience.com/hub/defaultbfdc.html]
[hub.yourtakeonscience.com/hub/default8bdb.html]
[hub.yourtakeonscience.com/hub/defaultece5.html]
[hub.yourtakeonscience.com/hub/defaultc710.html]
[hub.yourtakeonscience.com/hub/default5dad.html]
[hub.yourtakeonscience.com/hub/default62d5.html]
[hub.yourtakeonscience.com/hub/default4656.html]
[hub.yourtakeonscience.com/hub/default9001.html]
[hub.yourtakeonscience.com/hub/defaultd274.html]
[img.webring.com/s/pa/anunlikeworld/10114483_b.png]
[hub.yourtakeonscience.com/hub/default0e12.html]
[hub.yourtakeonscience.com/hub/default6ec3.html]
[hub.yourtakeonscience.com/hub/default3578.html]
[hub.yourtakeonscience.com/hub/default146c.html]
[hub.yourtakeonscience.com/hub/defaultbf4d.html]
[hub.yourtakeonscience.com/hub/defaulteeba.html]
[hub.yourtakeonscience.com/hub/defaultf8fb.html]
[hub.yourtakeonscience.com/hub/default7ec8.html]
[hub.yourtakeonscience.com/hub/defaultf9db.html]
[hub.yourtakeonscience.com/hub/defaultd311.html]
[img.webring.com/s/jc/cweb/10000001_b.png]
[hub.yourtakeonscience.com/hub/default59c3.html]
[img.webring.com/s/wj/joplinstillrocks/10124080_b.158.delayed]
[hub.yourtakeonscience.com/hub/default6d4d.html]
[hub.yourtakeonscience.com/hub/default7068.html]
[hub.yourtakeonscience.com/hub/default12ef.html]
[hub.yourtakeonscience.com/hub/defaultcde4.html]
[hub.yourtakeonscience.com/hub/default7de6.html]
[hub.yourtakeonscience.com/hub/default622c.html]
[hub.yourtakeonscience.com/hub/defaulte888.html]
[hub.yourtakeonscience.com/hub/default327a.html]
[img.webring.com/s/wc/crewsnewlight/987894591103_b.160.delayed]
[hub.yourtakeonscience.com/hub/defaulta5e4.html]
[hub.yourtakeonscience.com/hub/default47de.html]
[hub.yourtakeonscience.com/hub/defaulta138.html]
[img.webring.com/s/sb/billigan/10013643_b.png]
[hub.yourtakeonscience.com/hub/default9b33.html]
[hub.yourtakeonscience.com/hub/defaultb930.html]
[img.webring.com/s/wl/lnktomi/10106799_b.png]
[hub.yourtakeonscience.com/hub/default071d.html]
[img.webring.com/s/ds/shpoodog/998584892104_b.166.delayed]
[hub.yourtakeonscience.com/hub/default409e.html]
[hub.yourtakeonscience.com/hub/default20cb.html]
[img.webring.com/s/vp/packsdoll/10025845_b.168.delayed]
[hub.yourtakeonscience.com/hub/defaultfa76.html]
[hub.yourtakeonscience.com/hub/default66bd.html]
[hub.yourtakeonscience.com/hub/defaultcb37.html]
[img.webring.com/s/kw/webringdooley/defurl_b.html]
[hub.yourtakeonscience.com/hub/default8a49.html]
[hub.yourtakeonscience.com/hub/default5c73.html]
[img.webring.com/s/bs/superman59/10134849_b.html]
[hub.yourtakeonscience.com/hub/default79ee.html]
[img.webring.com/s/ha/amberfirez/10047433_b.html]
[hub.yourtakeonscience.com/hub/defaultcf15.html]
[hub.yourtakeonscience.com/hub/default443e.html]
[img.webring.com/s/wk/kiddoconnell/996333664104_b.html]
[hub.yourtakeonscience.com/hub/default8bf2.html]
[img.webring.com/s/td/darth_maul_8065/993504543104_b.html]
[hub.yourtakeonscience.com/hub/default6a25.html]
[hub.yourtakeonscience.com/hub/default2a9b.html]
[img.webring.com/s/ct/tom_b100/10101186_b.html]
[img.webring.com/s/kg/greenlifegr/10121364_b.png]
[hub.yourtakeonscience.com/hub/default9885.html]
[hub.yourtakeonscience.com/hub/defaulta9cd.html]
[hub.yourtakeonscience.com/hub/default3889.html]
[hub.yourtakeonscience.com/hub/defaultb4a5.html]
[hub.yourtakeonscience.com/hub/default1c0b.html]
[img.webring.com/s/cp/pjh8224/defurl1_b.png]
[hub.yourtakeonscience.com/hub/defaultade1.html]
[hub.yourtakeonscience.com/hub/defaultfff2.html]
[hub.yourtakeonscience.com/hub/defaulteaa0.html]
[hub.yourtakeonscience.com/hub/default6b2a.html]
[hub.yourtakeonscience.com/hub/defaultf55f.html]
[hub.yourtakeonscience.com/hub/defaultbeca.html]
[hub.yourtakeonscience.com/hub/default0425.html]
[hub.yourtakeonscience.com/hub/default3e0b.html]
[hub.yourtakeonscience.com/hub/defaulteb22.html]
[hub.yourtakeonscience.com/hub/default0beb.html]
[hub.yourtakeonscience.com/hub/defaultfc0f.html]
[hub.yourtakeonscience.com/hub/defaultd724.html]
[hub.yourtakeonscience.com/hub/defaulte013.html]
[hub.yourtakeonscience.com/hub/default7d50.html]
[hub.yourtakeonscience.com/hub/defaultb74c.html]
[hub.yourtakeonscience.com/hub/defaultcad7.html]
[hub.yourtakeonscience.com/hub/defaultab41.html]
[hub.yourtakeonscience.com/hub/default51c3.html]
[hub.yourtakeonscience.com/hub/defaultf34f.html]
[img.webring.com/s/tt/tattyted/10015986_b.png]
[hub.yourtakeonscience.com/hub/defaultd0f1.html]
[hub.yourtakeonscience.com/hub/defaulta05d.html]
[hub.yourtakeonscience.com/hub/default8c7d.html]
[hub.yourtakeonscience.com/hub/defaultd54c.html]
[hub.yourtakeonscience.com/hub/default8002.html]
[hub.yourtakeonscience.com/hub/defaultf250.html]
[hub.yourtakeonscience.com/hub/defaultd6bb.html]
[hub.yourtakeonscience.com/hub/defaultf282.html]
[hub.yourtakeonscience.com/hub/defaultde64.html]
[hub.yourtakeonscience.com/hub/default3aeb.html]
[hub.yourtakeonscience.com/hub/default4afb.html]
[img.webring.com/s/wc/crewsnewlight/987895160103_b.181.delayed]
[hub.yourtakeonscience.com/hub/defaultbf53.html]
[hub.yourtakeonscience.com/hub/default4570.html]
[hub.yourtakeonscience.com/hub/default1eaf.html]
[hub.yourtakeonscience.com/hub/default43e8.html]
[hub.yourtakeonscience.com/hub/default8bdb.html]
[hub.yourtakeonscience.com/hub/default99c4.html]
[hub.yourtakeonscience.com/hub/defaultc710.html]
[img.webring.com/s/ki/interlingua/10092293_b.png]
[hub.yourtakeonscience.com/hub/defaultdfe1.html]
[img.webring.com/s/bf/fantasy_zone/10138368_b.png]
[hub.yourtakeonscience.com/hub/default62d5.html]
[hub.yourtakeonscience.com/hub/default03e9.html]
[img.webring.com/s/ts/sunshells55/10051229_b.png]
[hub.yourtakeonscience.com/hub/default9001.html]
[hub.yourtakeonscience.com/hub/default3670.html]
[hub.yourtakeonscience.com/hub/default0e12.html]
[img.webring.com/s/ef/freethinker131/10108048_b.png]
[hub.yourtakeonscience.com/hub/default1ff9.html]
[hub.yourtakeonscience.com/hub/default3578.html]
[img.webring.com/s/rj/jimconte/10084785_b.png]
[hub.yourtakeonscience.com/hub/defaulte6bd.html]
[img.webring.com/s/nc/cribsheets1/defurl_b.png]
[hub.yourtakeonscience.com/hub/defaultbf4d.html]
[hub.yourtakeonscience.com/hub/default06d4.html]
[hub.yourtakeonscience.com/hub/defaultf8fb.html]
[img.webring.com/s/sw/wiccanhexx/10117351_b.png]
[hub.yourtakeonscience.com/hub/defaultf9db.html]
[hub.yourtakeonscience.com/hub/default59c3.html]
[img.webring.com/s/wj/joplinstillrocks/10124080_b.html]
[hub.yourtakeonscience.com/hub/default7068.html]
[hub.yourtakeonscience.com/hub/defaultcde4.html]
[hub.yourtakeonscience.com/hub/default622c.html]
[hub.yourtakeonscience.com/hub/default327a.html]
[img.webring.com/s/wc/crewsnewlight/987894591103_b.html]
[hub.yourtakeonscience.com/hub/default47de.html]
[hub.yourtakeonscience.com/hub/default9b33.html]
[hub.yourtakeonscience.com/hub/default071d.html]
[img.webring.com/s/ds/shpoodog/998584892104_b.html]
[hub.yourtakeonscience.com/hub/default20cb.html]
[img.webring.com/s/vp/packsdoll/10025845_b.html]
[img.webring.com/s/sa/anitra2001/10074357_b.png]
[hub.yourtakeonscience.com/hub/default9c99.html]
[hub.yourtakeonscience.com/hub/default9885.html]
[hub.yourtakeonscience.com/hub/defaultd43b.html]
[hub.yourtakeonscience.com/hub/default8163.html]
[hub.yourtakeonscience.com/hub/defaultf74c.html]
[hub.yourtakeonscience.com/hub/default0c89.html]
[hub.yourtakeonscience.com/hub/default697d.html]
[hub.yourtakeonscience.com/hub/default574d.html]
[hub.yourtakeonscience.com/hub/default985f.html]
[hub.yourtakeonscience.com/hub/default1da3.html]
[hub.yourtakeonscience.com/hub/default8582.html]
[hub.yourtakeonscience.com/hub/default4664.html]
[hub.yourtakeonscience.com/hub/default358c.html]
[hub.yourtakeonscience.com/hub/default3889.html]
[hub.yourtakeonscience.com/hub/defaultf8b9.html]
[hub.yourtakeonscience.com/hub/defaultb4a5.html]
[img.webring.com/s/ig/grandorder/10116603_b.png]
[hub.yourtakeonscience.com/hub/defaultedbe.html]
[hub.yourtakeonscience.com/hub/default1c0b.html]
[hub.yourtakeonscience.com/hub/default90e3.html]
[hub.yourtakeonscience.com/hub/defaultade1.html]
[hub.yourtakeonscience.com/hub/defaultd095.html]
[hub.yourtakeonscience.com/hub/defaultfff2.html]
[hub.yourtakeonscience.com/hub/default5fd7.html]
[hub.yourtakeonscience.com/hub/defaulteaa0.html]
[hub.yourtakeonscience.com/hub/default656e.html]
[hub.yourtakeonscience.com/hub/default6b2a.html]
[img.webring.com/s/ol/lepinkpoodle/10115176_b.png]
[hub.yourtakeonscience.com/hub/defaulta73b.html]
[hub.yourtakeonscience.com/hub/defaultf55f.html]
[hub.yourtakeonscience.com/hub/default7bfa.html]
[hub.yourtakeonscience.com/hub/defaultbeca.html]
[hub.yourtakeonscience.com/hub/defaultc850.html]
[hub.yourtakeonscience.com/hub/default0425.html]
[img.webring.com/s/ct/tom_b100/10105486_b.png]
[hub.yourtakeonscience.com/hub/defaulta327.html]
[hub.yourtakeonscience.com/hub/default3e0b.html]
[hub.yourtakeonscience.com/hub/default29b6.html]
[img.webring.com/s/ob/bbwlva/10116133_b.png]
[hub.yourtakeonscience.com/hub/default0beb.html]
[hub.yourtakeonscience.com/hub/defaultf206.html]
[hub.yourtakeonscience.com/hub/defaultd724.html]
[hub.yourtakeonscience.com/hub/default2774.html]
[img.webring.com/s/mq/quazar/defurl_b.png]
[img.webring.com/s/rh/heather/999269444104_b.1b0.delayed]
[hub.yourtakeonscience.com/hub/default7d50.html]
[hub.yourtakeonscience.com/hub/defaultc877.html]
[hub.yourtakeonscience.com/hub/defaultcad7.html]
[hub.yourtakeonscience.com/hub/default1ca6.html]
[hub.yourtakeonscience.com/hub/default51c3.html]
[img.webring.com/s/xc/crimson_tongues/200012304_b.png]
[hub.yourtakeonscience.com/hub/default41d2.html]
[img.webring.com/s/hg/grosspullach/10038501_b.1b6.delayed]
[hub.yourtakeonscience.com/hub/defaultd0f1.html]
[hub.yourtakeonscience.com/hub/default1134.html]
[hub.yourtakeonscience.com/hub/default8c7d.html]
[hub.yourtakeonscience.com/hub/default2500.html]
[img.webring.com/s/ul/livingdeadgirl2005/defurl_b.1ba.delayed]
[hub.yourtakeonscience.com/hub/default8002.html]
[hub.yourtakeonscience.com/hub/default3578-2.html]
[hub.yourtakeonscience.com/hub/defaultd6bb.html]
[img.webring.com/s/ss/shyfire/defurl_b.png]
[hub.yourtakeonscience.com/hub/default2300.html]
[hub.yourtakeonscience.com/hub/defaultde64.html]
[hub.yourtakeonscience.com/hub/default4afb.html]
[img.webring.com/s/wc/crewsnewlight/987895160103_b.html]
[hub.yourtakeonscience.com/hub/default4570.html]
[hub.yourtakeonscience.com/hub/default43e8.html]
[hub.yourtakeonscience.com/hub/default99c4.html]
[hub.yourtakeonscience.com/hub/defaultdfe1.html]
[hub.yourtakeonscience.com/hub/default03e9.html]
[hub.yourtakeonscience.com/hub/default3670.html]
[hub.yourtakeonscience.com/hub/default1ff9.html]
[hub.yourtakeonscience.com/hub/defaulte6bd.html]
[hub.yourtakeonscience.com/hub/default06d4.html]
[hub.yourtakeonscience.com/hub/default581b.html]
[hub.yourtakeonscience.com/hub/default9c99.html]
[img.webring.com/s/jj/jeffstoll/10110207_b.png]
[hub.yourtakeonscience.com/hub/default5aa1.html]
[hub.yourtakeonscience.com/hub/defaultc9f0.html]
[hub.yourtakeonscience.com/hub/default9590.html]
[hub.yourtakeonscience.com/hub/default35ba.html]
[hub.yourtakeonscience.com/hub/defaultbeb1.html]
[hub.yourtakeonscience.com/hub/default5d7e.html]
[hub.yourtakeonscience.com/hub/default1bd9.html]
[hub.yourtakeonscience.com/hub/default2f8f.html]
[hub.yourtakeonscience.com/hub/default2fad.html]
[hub.yourtakeonscience.com/hub/default8455.html]
[hub.yourtakeonscience.com/hub/defaultcf85.html]
[hub.yourtakeonscience.com/hub/defaultd43b.html]
[hub.yourtakeonscience.com/hub/default77f3.html]
[hub.yourtakeonscience.com/hub/default8163.html]
[img.webring.com/s/fw/william_munza0767/defurl_b.png]
[hub.yourtakeonscience.com/hub/default6893.html]
[hub.yourtakeonscience.com/hub/defaultf74c.html]
[hub.yourtakeonscience.com/hub/default3fbc.html]
[hub.yourtakeonscience.com/hub/default0c89.html]
[hub.yourtakeonscience.com/hub/default1459.html]
[hub.yourtakeonscience.com/hub/default697d.html]
[hub.yourtakeonscience.com/hub/default55f4.html]
[hub.yourtakeonscience.com/hub/default574d.html]
[hub.yourtakeonscience.com/hub/default6525.html]
[hub.yourtakeonscience.com/hub/default985f.html]
[hub.yourtakeonscience.com/hub/default7b56.html]
[hub.yourtakeonscience.com/hub/default1da3.html]
[hub.yourtakeonscience.com/hub/default57ea.html]
[hub.yourtakeonscience.com/hub/default8582.html]
[hub.yourtakeonscience.com/hub/default78e5.html]
[hub.yourtakeonscience.com/hub/default4664.html]
[hub.yourtakeonscience.com/hub/default2710.html]
[hub.yourtakeonscience.com/hub/default358c.html]
[hub.yourtakeonscience.com/hub/default4f6e.html]
[hub.yourtakeonscience.com/hub/defaultf8b9.html]
[hub.yourtakeonscience.com/hub/default2206.html]
[img.webring.com/s/im/michelledf12/defurl_b.png]
[hub.yourtakeonscience.com/hub/defaultedbe.html]
[hub.yourtakeonscience.com/hub/defaulte57a.html]
[hub.yourtakeonscience.com/hub/default90e3.html]
[img.webring.com/s/iw/whiskijack/defurl_b.png]
[img.webring.com/s/ab/beugusta/defurl_b.png]
[hub.yourtakeonscience.com/hub/defaulte5d8.html]
[hub.yourtakeonscience.com/hub/defaultd095.html]
[hub.yourtakeonscience.com/hub/default1251.html]
[img.webring.com/s/ng/gnkrot/984794174100_b.1df.delayed]
[hub.yourtakeonscience.com/hub/default5fd7.html]
[hub.yourtakeonscience.com/hub/defaultb941.html]
[img.webring.com/s/gy/yasuragirealm/10098695_b.png]
[hub.yourtakeonscience.com/hub/default656e.html]
[img.webring.com/s/ud/drunkkid/10100582_b.png]
[hub.yourtakeonscience.com/hub/default4431.html]
[hub.yourtakeonscience.com/hub/defaulta73b.html]
[hub.yourtakeonscience.com/hub/defaultd80d.html]
[img.webring.com/s/pl/lepucks/10081302_b.png]
[hub.yourtakeonscience.com/hub/default7bfa.html]
[hub.yourtakeonscience.com/hub/defaultce58.html]
[img.webring.com/s/jl/lublink/999265626104_b.1e7.delayed]
[hub.yourtakeonscience.com/hub/defaultc850.html]
[hub.yourtakeonscience.com/hub/default46b5.html]
[img.webring.com/s/af/friend_al_23/990435653103_b.1e9.delayed]
[hub.yourtakeonscience.com/hub/defaulta327.html]
[hub.yourtakeonscience.com/hub/default29b6.html]
[hub.yourtakeonscience.com/hub/defaultf206.html]
[hub.yourtakeonscience.com/hub/default2774.html]
[img.webring.com/s/rh/heather/999269444104_b.html]
[hub.yourtakeonscience.com/hub/defaultc877.html]
[hub.yourtakeonscience.com/hub/default1ca6.html]
[hub.yourtakeonscience.com/hub/default41d2.html]
[img.webring.com/s/hg/grosspullach/10038501_b.html]
[hub.yourtakeonscience.com/hub/default1134.html]
[hub.yourtakeonscience.com/hub/default2500.html]
[img.webring.com/s/ul/livingdeadgirl2005/defurl_b.html]
[hub.yourtakeonscience.com/hub/default3578-2.html]
[hub.yourtakeonscience.com/hub/default2300.html]
[hub.yourtakeonscience.com/hub/defaultcbf2.html]
[img.webring.com/s/ld/dave3x/10021390_b.png]
[img.webring.com/s/fp/pjs55tops/982032785102_b.1eb.delayed]
[hub.yourtakeonscience.com/hub/default581b.html]
[hub.yourtakeonscience.com/hub/default8d7f.html]
[hub.yourtakeonscience.com/hub/default325b.html]
[hub.yourtakeonscience.com/hub/defaultfdc0.html]
[hub.yourtakeonscience.com/hub/default568f.html]
[hub.yourtakeonscience.com/hub/defaulta4a0.html]
[hub.yourtakeonscience.com/hub/defaultccce.html]
[img.webring.com/s/mc/cudakid2005/996426530100_b.png]
[hub.yourtakeonscience.com/hub/defaultbc47.html]
[hub.yourtakeonscience.com/hub/default203e.html]
[hub.yourtakeonscience.com/hub/default8d6d.html]
[img.webring.com/s/io/opinion_8ted/10020046_b.png]
[hub.yourtakeonscience.com/hub/default3fd7.html]
[hub.yourtakeonscience.com/hub/default35dc.html]
[hub.yourtakeonscience.com/hub/default5aa1.html]
[hub.yourtakeonscience.com/hub/default2805.html]
[hub.yourtakeonscience.com/hub/defaultc9f0.html]
[hub.yourtakeonscience.com/hub/default4503.html]
[hub.yourtakeonscience.com/hub/default9590.html]
[hub.yourtakeonscience.com/hub/default894b.html]
[hub.yourtakeonscience.com/hub/default35ba.html]
[hub.yourtakeonscience.com/hub/default6c5f.html]
[hub.yourtakeonscience.com/hub/defaultbeb1.html]
[hub.yourtakeonscience.com/hub/default9e4e.html]
[hub.yourtakeonscience.com/hub/default5d7e.html]
[hub.yourtakeonscience.com/hub/default0cb3.html]
[hub.yourtakeonscience.com/hub/default1bd9.html]
[hub.yourtakeonscience.com/hub/default9acd.html]
[hub.yourtakeonscience.com/hub/default2f8f.html]
[hub.yourtakeonscience.com/hub/default3f39.html]
[hub.yourtakeonscience.com/hub/default2fad.html]
[hub.yourtakeonscience.com/hub/default10c3.html]
[hub.yourtakeonscience.com/hub/default8455.html]
[hub.yourtakeonscience.com/hub/default2594.html]
[hub.yourtakeonscience.com/hub/defaultcf85.html]
[hub.yourtakeonscience.com/hub/defaultd15f.html]
[hub.yourtakeonscience.com/hub/default77f3.html]
[hub.yourtakeonscience.com/hub/defaulted70.html]
[img.webring.com/s/oc/chris_kellie/968514537100_b.204.delayed]
[hub.yourtakeonscience.com/hub/default6893.html]
[hub.yourtakeonscience.com/hub/defaultbab2.html]
[img.webring.com/s/bb/bobgiles2000/975207634101_b.png]
[hub.yourtakeonscience.com/hub/default3fbc.html]
[hub.yourtakeonscience.com/hub/defaultb835.html]
[img.webring.com/s/ii/i_am_miss_world/994992175100_b.208.delayed]
[hub.yourtakeonscience.com/hub/default1459.html]
[hub.yourtakeonscience.com/hub/default665a.html]
[hub.yourtakeonscience.com/hub/default55f4.html]
[hub.yourtakeonscience.com/hub/defaultd08d.html]
[hub.yourtakeonscience.com/hub/default6525.html]
[hub.yourtakeonscience.com/hub/default1a0f.html]
[img.webring.com/s/xt/txstardust1/10071721_b.png]
[hub.yourtakeonscience.com/hub/default7b56.html]
[hub.yourtakeonscience.com/hub/default57ea.html]
[hub.yourtakeonscience.com/hub/default78e5.html]
[hub.yourtakeonscience.com/hub/defaultc4d7.html]
[hub.yourtakeonscience.com/hub/default1499.html]
[img.webring.com/s/fb/byanymeasure/994469053104_b.png]
[hub.yourtakeonscience.com/hub/default2710.html]
[hub.yourtakeonscience.com/hub/default4f6e.html]
[hub.yourtakeonscience.com/hub/default2206.html]
[hub.yourtakeonscience.com/hub/defaulte57a.html]
[hub.yourtakeonscience.com/hub/defaulte5d8.html]
[hub.yourtakeonscience.com/hub/default1251.html]
[img.webring.com/s/ng/gnkrot/984794174100_b.html]
[hub.yourtakeonscience.com/hub/defaultb941.html]
[hub.yourtakeonscience.com/hub/default4431.html]
[hub.yourtakeonscience.com/hub/defaultd80d.html]
[hub.yourtakeonscience.com/hub/defaultce58.html]
[img.webring.com/s/jl/lublink/999265626104_b.html]
[hub.yourtakeonscience.com/hub/default46b5.html]
[img.webring.com/s/af/friend_al_23/990435653103_b.html]
[hub.yourtakeonscience.com/hub/default02b1.html]
[hub.yourtakeonscience.com/hub/defaultcbf2.html]
[img.webring.com/s/fs/sarilove/defurl_b.png]
[img.webring.com/s/fp/pjs55tops/982032785102_b.html]
[hub.yourtakeonscience.com/hub/defaultfef8.html]
[hub.yourtakeonscience.com/hub/default0e31.html]
[hub.yourtakeonscience.com/hub/defaultdfd8.html]
[hub.yourtakeonscience.com/hub/default834e.html]
[hub.yourtakeonscience.com/hub/default2499.html]
[img.webring.com/s/su/um_12006/um_12006_b.png]
[hub.yourtakeonscience.com/hub/default6c4e.html]
[hub.yourtakeonscience.com/hub/default.21a03c2.delayed]
[hub.yourtakeonscience.com/hub/default8f4a.html]
[hub.yourtakeonscience.com/hub/default4f8e.html]
[hub.yourtakeonscience.com/hub/defaultf600.html]
[hub.yourtakeonscience.com/hub/default2daa.html]
[hub.yourtakeonscience.com/hub/default8d7f.html]
[hub.yourtakeonscience.com/hub/default2ad6.html]
[hub.yourtakeonscience.com/hub/default325b.html]
[hub.yourtakeonscience.com/hub/default538d.html]
[hub.yourtakeonscience.com/hub/defaultfdc0.html]
[hub.yourtakeonscience.com/hub/default1d6e.html]
[hub.yourtakeonscience.com/hub/default568f.html]
[hub.yourtakeonscience.com/hub/default3495.html]
[hub.yourtakeonscience.com/hub/defaulta4a0.html]
[hub.yourtakeonscience.com/hub/default449f.html]
[hub.yourtakeonscience.com/hub/defaultccce.html]
[hub.yourtakeonscience.com/hub/default0788.html]
[hub.yourtakeonscience.com/hub/defaultbc47.html]
[hub.yourtakeonscience.com/hub/default5165.html]
[hub.yourtakeonscience.com/hub/default203e.html]
[hub.yourtakeonscience.com/hub/default5700.html]
[hub.yourtakeonscience.com/hub/default8d6d.html]
[hub.yourtakeonscience.com/hub/defaultfdcb.html]
[hub.yourtakeonscience.com/hub/default3fd7.html]
[hub.yourtakeonscience.com/hub/default6015.html]
[hub.yourtakeonscience.com/hub/default35dc.html]
[hub.yourtakeonscience.com/hub/default2805.html]
[hub.yourtakeonscience.com/hub/default4bb5.html]
[hub.yourtakeonscience.com/hub/default4503.html]
[hub.yourtakeonscience.com/hub/default2ea3.html]
[hub.yourtakeonscience.com/hub/default0ba7.html]
[img.webring.com/s/gr/rstalnecker/988217947100_b.22d.delayed]
[hub.yourtakeonscience.com/hub/default894b.html]
[hub.yourtakeonscience.com/hub/defaultfb78.html]
[img.webring.com/s/nm/midnight_haven/10001447_b.png]
[hub.yourtakeonscience.com/hub/default6c5f.html]
[hub.yourtakeonscience.com/hub/default51ef.html]
[img.webring.com/s/mr/redmoon/defurl_b.png]
[hub.yourtakeonscience.com/hub/default9e4e.html]
[hub.yourtakeonscience.com/hub/default46c4.html]
[hub.yourtakeonscience.com/hub/default0cb3.html]
[img.webring.com/s/qa/aeroforum/10020266_b.png]
[hub.yourtakeonscience.com/hub/defaultf65b.html]
[img.webring.com/s/jb/bonnielee/987119260103_b.235.delayed]
[hub.yourtakeonscience.com/hub/default9acd.html]
[hub.yourtakeonscience.com/hub/default7cf7.html]
[img.webring.com/s/at/tacfleet/10061842_b.png]
[hub.yourtakeonscience.com/hub/default3f39.html]
[hub.yourtakeonscience.com/hub/default9dd4.html]
[img.webring.com/s/ad/donate_4free/10065731_b.png]
[hub.yourtakeonscience.com/hub/default10c3.html]
[hub.yourtakeonscience.com/hub/defaultd528.html]
[hub.yourtakeonscience.com/hub/default2594.html]
[img.webring.com/s/hf/faithskeptic/m10029394_b.png]
[hub.yourtakeonscience.com/hub/defaultd15f.html]
[hub.yourtakeonscience.com/hub/defaulted70.html]
[img.webring.com/s/oc/chris_kellie/968514537100_b.html]
[hub.yourtakeonscience.com/hub/defaultbab2.html]
[hub.yourtakeonscience.com/hub/defaultb835.html]
[img.webring.com/s/ii/i_am_miss_world/994992175100_b.html]
[hub.yourtakeonscience.com/hub/default665a.html]
[hub.yourtakeonscience.com/hub/defaultd08d.html]
[img.webring.com/s/sb/bobkecom/10080125_b.png]
[hub.yourtakeonscience.com/hub/default1a0f.html]
[hub.yourtakeonscience.com/hub/default0e69.html]
[img.webring.com/s/is/suggy48706/10080568_b.png]
[hub.yourtakeonscience.com/hub/defaultc4d7.html]
[img.webring.com/s/us/saturnchic/10069147_b.png]
[hub.yourtakeonscience.com/hub/default1499.html]
[hub.yourtakeonscience.com/hub/defaultb8c1.html]
[img.webring.com/s/cc/cyber7860/10055722_b.png]
[hub.yourtakeonscience.com/hub/default02b1.html]
[hub.yourtakeonscience.com/hub/defaulta68d.html]
[hub.yourtakeonscience.com/hub/default95e0.html]
[hub.yourtakeonscience.com/hub/default8b27.html]
[hub.yourtakeonscience.com/hub/defaultb556.html]
[hub.yourtakeonscience.com/hub/default77e1.html]
[hub.yourtakeonscience.com/hub/default491d.html]
[hub.yourtakeonscience.com/hub/default3344.html]
[hub.yourtakeonscience.com/hub/defaulte67d.html]
[img.webring.com/s/fp/pjs55tops/996882480100_b.png]
[hub.yourtakeonscience.com/hub/defaulte49a.html]
[hub.yourtakeonscience.com/hub/default01ce.html]
[hub.yourtakeonscience.com/hub/defaultf1fe.html]
[hub.yourtakeonscience.com/hub/defaultfef8.html]
[hub.yourtakeonscience.com/hub/default0216.html]
[hub.yourtakeonscience.com/hub/default0e31.html]
[hub.yourtakeonscience.com/hub/default2669.html]
[hub.yourtakeonscience.com/hub/defaultdfd8.html]
[hub.yourtakeonscience.com/hub/defaultc23a.html]
[hub.yourtakeonscience.com/hub/default834e.html]
[hub.yourtakeonscience.com/hub/default8c3e.html]
[hub.yourtakeonscience.com/hub/default2499.html]
[hub.yourtakeonscience.com/hub/default2ff8.html]
[hub.yourtakeonscience.com/hub/default6c4e.html]
[hub.yourtakeonscience.com/hub/defaultedb6.html]
[hub.yourtakeonscience.com/hub/default8f4a.html]
[hub.yourtakeonscience.com/hub/defaulta515.html]
[hub.yourtakeonscience.com/hub/default4f8e.html]
[img.webring.com/s/qg/goddess_isisuk/10066992_b.png]
[hub.yourtakeonscience.com/hub/defaultccba.html]
[hub.yourtakeonscience.com/hub/defaultf600.html]
[hub.yourtakeonscience.com/hub/default7430.html]
[hub.yourtakeonscience.com/hub/default2daa.html]
[hub.yourtakeonscience.com/hub/default2ad6.html]
[hub.yourtakeonscience.com/hub/default1a3b.html]
[hub.yourtakeonscience.com/hub/default538d.html]
[hub.yourtakeonscience.com/hub/default1f7d.html]
[hub.yourtakeonscience.com/hub/defaultda1f.html]
[hub.yourtakeonscience.com/hub/default1d6e.html]
[hub.yourtakeonscience.com/hub/default2a1a.html]
[hub.yourtakeonscience.com/hub/default3495.html]
[img.webring.com/s/da/aussiedogs4/defurl_b.png]
[hub.yourtakeonscience.com/hub/defaultc01f.html]
[img.webring.com/s/na/arteestic_one/992962214100_b.25e.delayed]
[hub.yourtakeonscience.com/hub/default449f.html]
[hub.yourtakeonscience.com/hub/defaultbad1.html]
[hub.yourtakeonscience.com/hub/default0788.html]
[img.webring.com/s/sn/nyte_guardian/10037141_b.png]
[hub.yourtakeonscience.com/hub/defaultda4a.html]
[img.webring.com/s/ef/fatherjerome/10031079_b.png]
[hub.yourtakeonscience.com/hub/default5165.html]
[hub.yourtakeonscience.com/hub/defaultb771.html]
[img.webring.com/s/kg/ghost_hunter/10082459_b.png]
[hub.yourtakeonscience.com/hub/default5700.html]
[hub.yourtakeonscience.com/hub/defaulte09c.html]
[hub.yourtakeonscience.com/hub/defaultfdcb.html]
[img.webring.com/s/sm/mlipp/10022230_b.png]
[hub.yourtakeonscience.com/hub/defaulte424.html]
[img.webring.com/s/tl/lisagersjenki/10043789_b.png]
[hub.yourtakeonscience.com/hub/default6015.html]
[hub.yourtakeonscience.com/hub/default4bb5.html]
[hub.yourtakeonscience.com/hub/default2ea3.html]
[hub.yourtakeonscience.com/hub/default0ba7.html]
[img.webring.com/s/gr/rstalnecker/988217947100_b.html]
[hub.yourtakeonscience.com/hub/defaultfb78.html]
[hub.yourtakeonscience.com/hub/default51ef.html]
[hub.yourtakeonscience.com/hub/default46c4.html]
[hub.yourtakeonscience.com/hub/defaultf65b.html]
[img.webring.com/s/jb/bonnielee/987119260103_b.html]
[hub.yourtakeonscience.com/hub/default7cf7.html]
[hub.yourtakeonscience.com/hub/default9dd4.html]
[img.webring.com/s/rb/bestaviation/990571076100_b.png]
[hub.yourtakeonscience.com/hub/defaultd528.html]
[hub.yourtakeonscience.com/hub/default0e69.html]
[hub.yourtakeonscience.com/hub/default09c4.html]
[img.webring.com/s/vb/beholder/defurl_b.png]
[hub.yourtakeonscience.com/hub/defaultb8c1.html]
[hub.yourtakeonscience.com/hub/defaulte3fb.html]
[hub.yourtakeonscience.com/hub/defaultb3a7.html]
[hub.yourtakeonscience.com/hub/default769f.html]
[hub.yourtakeonscience.com/hub/default8e41.html]
[hub.yourtakeonscience.com/hub/default2599.html]
[hub.yourtakeonscience.com/hub/default4364.html]
[hub.yourtakeonscience.com/hub/default3cff.html]
[hub.yourtakeonscience.com/hub/default5938.html]
[hub.yourtakeonscience.com/hub/default3342.html]
[hub.yourtakeonscience.com/hub/default77fc.html]
[hub.yourtakeonscience.com/hub/default2565.html]
[hub.yourtakeonscience.com/hub/defaulta68d.html]
[img.webring.com/s/xa/armyoflight9/98821721510051724_b.png]
[hub.yourtakeonscience.com/hub/default8c2b.html]
[hub.yourtakeonscience.com/hub/default95e0.html]
[hub.yourtakeonscience.com/hub/default7c15.html]
[hub.yourtakeonscience.com/hub/default8b27.html]
[hub.yourtakeonscience.com/hub/defaultf6c5.html]
[hub.yourtakeonscience.com/hub/defaultb556.html]
[hub.yourtakeonscience.com/hub/default8306.html]
[hub.yourtakeonscience.com/hub/default77e1.html]
[hub.yourtakeonscience.com/hub/defaulte73a.html]
[hub.yourtakeonscience.com/hub/default491d.html]
[hub.yourtakeonscience.com/hub/default4035.html]
[hub.yourtakeonscience.com/hub/default3344.html]
[hub.yourtakeonscience.com/hub/default59be.html]
[hub.yourtakeonscience.com/hub/defaulte67d.html]
[hub.yourtakeonscience.com/hub/default236b.html]
[hub.yourtakeonscience.com/hub/defaulte49a.html]
[hub.yourtakeonscience.com/hub/default75fa.html]
[hub.yourtakeonscience.com/hub/default01ce.html]
[img.webring.com/s/xc/cognitime/200001057_b.png]
[hub.yourtakeonscience.com/hub/default4cab.html]
[hub.yourtakeonscience.com/hub/defaultf1fe.html]
[hub.yourtakeonscience.com/hub/default3b38-2.html]
[hub.yourtakeonscience.com/hub/default0216.html]
[img.webring.com/s/am/mfoster/10059718_b.png]
[hub.yourtakeonscience.com/hub/default2d7f.html]
[hub.yourtakeonscience.com/hub/default2669.html]
[hub.yourtakeonscience.com/hub/defaulta2e1.html]
[hub.yourtakeonscience.com/hub/defaultc23a.html]
[hub.yourtakeonscience.com/hub/defaultfa53.html]
[img.webring.com/s/ir/rygelwolfe/10091601_b.png]
[hub.yourtakeonscience.com/hub/default8c3e.html]
[hub.yourtakeonscience.com/hub/defaulte673.html]
[hub.yourtakeonscience.com/hub/default2ff8.html]
[img.webring.com/s/na/aerolink/10005295_b.png]
[hub.yourtakeonscience.com/hub/defaultd382.html]
[img.webring.com/s/lb/b17flyingfortress/10022727_b.png]
[hub.yourtakeonscience.com/hub/defaultedb6.html]
[hub.yourtakeonscience.com/hub/defaultfbcc.html]
[hub.yourtakeonscience.com/hub/defaultdd68.html]
[hub.yourtakeonscience.com/hub/defaulta515.html]
[img.webring.com/s/xa/aaron_e_k2006/defurl_b.png]
[img.webring.com/s/ic/confiteor_deo/10171618_b.png]
[hub.yourtakeonscience.com/hub/default681e.html]
[hub.yourtakeonscience.com/hub/defaultccba.html]
[hub.yourtakeonscience.com/hub/default0891.html]
[img.webring.com/s/rd/dr1fokker/990720671103_b.png]
[hub.yourtakeonscience.com/hub/default7430.html]
[hub.yourtakeonscience.com/hub/default1a3b.html]
[hub.yourtakeonscience.com/hub/default1f7d.html]
[hub.yourtakeonscience.com/hub/defaultda1f.html]
[hub.yourtakeonscience.com/hub/default2a1a.html]
[hub.yourtakeonscience.com/hub/defaultc01f.html]
[img.webring.com/s/na/arteestic_one/992962214100_b.html]
[hub.yourtakeonscience.com/hub/defaultbad1.html]
[hub.yourtakeonscience.com/hub/defaultda4a.html]
[hub.yourtakeonscience.com/hub/defaultb771.html]
[hub.yourtakeonscience.com/hub/defaulte09c.html]
[hub.yourtakeonscience.com/hub/defaulte424.html]
[hub.yourtakeonscience.com/hub/default0d96.html]
[hub.yourtakeonscience.com/hub/default09c4.html]
[img.webring.com/s/wm/mlublink/10002332_b.png]
[hub.yourtakeonscience.com/hub/defaultc037.html]
[hub.yourtakeonscience.com/hub/default9a4c.html]
[hub.yourtakeonscience.com/hub/default6d80.html]
[img.webring.com/s/tj/johndohfreak/988649266103_b.png]
[hub.yourtakeonscience.com/hub/default0aeb.html]
[hub.yourtakeonscience.com/hub/default12a9.html]
[img.webring.com/s/ol/l2000/10060444_b.png]
[hub.yourtakeonscience.com/hub/default97a3.html]
[hub.yourtakeonscience.com/hub/defaultd5f5.html]
[hub.yourtakeonscience.com/hub/defaultb5df.html]
[hub.yourtakeonscience.com/hub/default0631.html]
[hub.yourtakeonscience.com/hub/defaultfb95.html]
[hub.yourtakeonscience.com/hub/default7728.html]
[hub.yourtakeonscience.com/hub/defaulte3fb.html]
[hub.yourtakeonscience.com/hub/defaulte8dc.html]
[hub.yourtakeonscience.com/hub/defaultb3a7.html]
[hub.yourtakeonscience.com/hub/defaultab4d.html]
[hub.yourtakeonscience.com/hub/default769f.html]
[hub.yourtakeonscience.com/hub/defaulte0aa.html]
[hub.yourtakeonscience.com/hub/default8e41.html]
[hub.yourtakeonscience.com/hub/defaultd99e.html]
[hub.yourtakeonscience.com/hub/default2599.html]
[hub.yourtakeonscience.com/hub/defaultcd54.html]
[hub.yourtakeonscience.com/hub/default4364.html]
[hub.yourtakeonscience.com/hub/default4928.html]
[hub.yourtakeonscience.com/hub/default3cff.html]
[hub.yourtakeonscience.com/hub/defaultea83.html]
[hub.yourtakeonscience.com/hub/default5938.html]
[hub.yourtakeonscience.com/hub/defaultf19a.html]
[hub.yourtakeonscience.com/hub/default3342.html]
[hub.yourtakeonscience.com/hub/default4969.html]
[hub.yourtakeonscience.com/hub/default77fc.html]
[hub.yourtakeonscience.com/hub/default4ec0.html]
[hub.yourtakeonscience.com/hub/default2565.html]
[img.webring.com/s/vw/wazillions_of_great_nav_bars/10075607_b.png]
[hub.yourtakeonscience.com/hub/default9ae2.html]
[hub.yourtakeonscience.com/hub/default8c2b.html]
[hub.yourtakeonscience.com/hub/default9f40.html]
[hub.yourtakeonscience.com/hub/default7c15.html]
[hub.yourtakeonscience.com/hub/default42b6.html]
[hub.yourtakeonscience.com/hub/defaultf6c5.html]
[hub.yourtakeonscience.com/hub/default165d.html]
[img.webring.com/s/nj/joann7/10005976_b.png]
[hub.yourtakeonscience.com/hub/default8306.html]
[hub.yourtakeonscience.com/hub/defaultc1bd.html]
[hub.yourtakeonscience.com/hub/defaulte73a.html]
[img.webring.com/s/os/susan714/10004779_b.png]
[hub.yourtakeonscience.com/hub/default9f68.html]
[img.webring.com/s/oa/anlashokcolin/10091063_b.png]
[hub.yourtakeonscience.com/hub/default4035.html]
[hub.yourtakeonscience.com/hub/defaultbfc4.html]
[img.webring.com/s/wl/lnktomi/10105019_b.png]
[hub.yourtakeonscience.com/hub/default59be.html]
[hub.yourtakeonscience.com/hub/defaultf0bc.html]
[hub.yourtakeonscience.com/hub/default236b.html]
[img.webring.com/s/tk/kriis1/10068242_b.png]
[hub.yourtakeonscience.com/hub/defaultf2ae.html]
[img.webring.com/s/am/midnightmelody37/10118778_b.png]
[hub.yourtakeonscience.com/hub/default75fa.html]
[hub.yourtakeonscience.com/hub/defaultba39.html]
[img.webring.com/s/ln/nytes/10096427_b.png]
[hub.yourtakeonscience.com/hub/default4cab.html]
[hub.yourtakeonscience.com/hub/default3b38-2.html]
[hub.yourtakeonscience.com/hub/default2d7f.html]
[hub.yourtakeonscience.com/hub/defaulta2e1.html]
[hub.yourtakeonscience.com/hub/defaultfa53.html]
[img.webring.com/s/eg/ghouls_n_goblins/10111019_b.png]
[hub.yourtakeonscience.com/hub/defaulte673.html]
[hub.yourtakeonscience.com/hub/defaultd382.html]
[hub.yourtakeonscience.com/hub/defaultfbcc.html]
[hub.yourtakeonscience.com/hub/defaultdd68.html]
[hub.yourtakeonscience.com/hub/default681e.html]
[hub.yourtakeonscience.com/hub/default0891.html]
[hub.yourtakeonscience.com/hub/default0182.html]
[hub.yourtakeonscience.com/hub/default0d96.html]
[img.webring.com/s/rt/toveza/10031090_b.png]
[hub.yourtakeonscience.com/hub/default4326.html]
[hub.yourtakeonscience.com/hub/defaulta01f.html]
[hub.yourtakeonscience.com/hub/default5270.html]
[hub.yourtakeonscience.com/hub/defaultdaec.html]
[hub.yourtakeonscience.com/hub/default2368.html]
[hub.yourtakeonscience.com/hub/default26e6.html]
[img.webring.com/s/ub/bullwinkl/defurl1_b.png]
[hub.yourtakeonscience.com/hub/defaultde00.html]
[hub.yourtakeonscience.com/hub/default91cd.html]
[hub.yourtakeonscience.com/hub/defaulta307.html]
[hub.yourtakeonscience.com/hub/default56e2.html]
[hub.yourtakeonscience.com/hub/default34d5.html]
[hub.yourtakeonscience.com/hub/defaultc037.html]
[img.webring.com/s/vd/demons_destiny/10090293_b.png]
[hub.yourtakeonscience.com/hub/defaultf8d1.html]
[hub.yourtakeonscience.com/hub/default9a4c.html]
[hub.yourtakeonscience.com/hub/default26ce.html]
[hub.yourtakeonscience.com/hub/default6d80.html]
[hub.yourtakeonscience.com/hub/default6a0d.html]
[hub.yourtakeonscience.com/hub/default0aeb.html]
[hub.yourtakeonscience.com/hub/defaultf4d3.html]
[hub.yourtakeonscience.com/hub/default12a9.html]
[hub.yourtakeonscience.com/hub/defaultd49d.html]
[hub.yourtakeonscience.com/hub/default97a3.html]
[hub.yourtakeonscience.com/hub/default9f0a.html]
[hub.yourtakeonscience.com/hub/defaultd5f5.html]
[hub.yourtakeonscience.com/hub/defaultdd0f.html]
[hub.yourtakeonscience.com/hub/defaultb5df.html]
[hub.yourtakeonscience.com/hub/default4273.html]
[hub.yourtakeonscience.com/hub/default0631.html]
[hub.yourtakeonscience.com/hub/default674a.html]
[hub.yourtakeonscience.com/hub/defaultfb95.html]
[img.webring.com/s/sg/gargoyle/10044888_b.png]
[hub.yourtakeonscience.com/hub/default00d8.html]
[hub.yourtakeonscience.com/hub/default7728.html]
[hub.yourtakeonscience.com/hub/defaultaba6.html]
[hub.yourtakeonscience.com/hub/defaulte8dc.html]
[img.webring.com/s/fd/demon_dungeons/10102630_b.png]
[hub.yourtakeonscience.com/hub/defaulta980.html]
[hub.yourtakeonscience.com/hub/defaultab4d.html]
[hub.yourtakeonscience.com/hub/default5888.html]
[hub.yourtakeonscience.com/hub/defaulte0aa.html]
[hub.yourtakeonscience.com/hub/default6183.html]
[img.webring.com/s/lt/teetee199thlib1/200094788_b.2de.delayed]
[hub.yourtakeonscience.com/hub/defaultd99e.html]
[hub.yourtakeonscience.com/hub/default4405.html]
[img.webring.com/s/pj/joseph_dunphy_ring/10182408_b.png]
[hub.yourtakeonscience.com/hub/defaultcd54.html]
[hub.yourtakeonscience.com/hub/defaultcae3.html]
[hub.yourtakeonscience.com/hub/default4928.html]
[hub.yourtakeonscience.com/hub/default47b5.html]
[img.webring.com/s/op/pagnes/10096654_b.png]
[hub.yourtakeonscience.com/hub/defaultea83.html]
[hub.yourtakeonscience.com/hub/default4152.html]
[img.webring.com/s/of/freebyte/10112895_b.png]
[hub.yourtakeonscience.com/hub/defaultf19a.html]
[hub.yourtakeonscience.com/hub/default46ae.html]
[hub.yourtakeonscience.com/hub/default4969.html]
[img.webring.com/s/fs/sbruce45/969494198100_b.png]
[hub.yourtakeonscience.com/hub/default3bc2.html]
[img.webring.com/s/xc/cognitime/200002232_b.png]
[hub.yourtakeonscience.com/hub/default4ec0.html]
[hub.yourtakeonscience.com/hub/default9ae2.html]
[hub.yourtakeonscience.com/hub/default9f40.html]
[hub.yourtakeonscience.com/hub/default42b6.html]
[hub.yourtakeonscience.com/hub/default165d.html]
[hub.yourtakeonscience.com/hub/defaultc1bd.html]
[hub.yourtakeonscience.com/hub/default9f68.html]
[hub.yourtakeonscience.com/hub/defaultbfc4.html]
[hub.yourtakeonscience.com/hub/defaultf0bc.html]
[hub.yourtakeonscience.com/hub/defaultf2ae.html]
[hub.yourtakeonscience.com/hub/defaultba39.html]
[img.webring.com/s/gd/david_graffius/10082996_b.png]
[hub.yourtakeonscience.com/hub/default0043.html]
[hub.yourtakeonscience.com/hub/default0182.html]
[hub.yourtakeonscience.com/hub/defaultd5dc.html]
[hub.yourtakeonscience.com/hub/default413b.html]
[img.webring.com/s/wm/mlublink/10024640_b.png]
[img.webring.com/s/ro/onemoment1985/defurl2_b.png]
[hub.yourtakeonscience.com/hub/default4ed5.html]
[hub.yourtakeonscience.com/hub/default6cd6.html]
[hub.yourtakeonscience.com/hub/defaultba72.html]
[hub.yourtakeonscience.com/hub/default481f.html]
[hub.yourtakeonscience.com/hub/default9db2.html]
[hub.yourtakeonscience.com/hub/default2b31.html]
[hub.yourtakeonscience.com/hub/default3cd9.html]
[hub.yourtakeonscience.com/hub/defaulte9d6.html]
[hub.yourtakeonscience.com/hub/default1dc8.html]
[hub.yourtakeonscience.com/hub/default4326.html]
[hub.yourtakeonscience.com/hub/default6bc8.html]
[hub.yourtakeonscience.com/hub/defaulta01f.html]
[hub.yourtakeonscience.com/hub/defaulte5fc.html]
[hub.yourtakeonscience.com/hub/default5270.html]
[hub.yourtakeonscience.com/hub/default5b88.html]
[hub.yourtakeonscience.com/hub/defaultdaec.html]
[hub.yourtakeonscience.com/hub/default6c6f.html]
[hub.yourtakeonscience.com/hub/default2368.html]
[hub.yourtakeonscience.com/hub/default40d9.html]
[hub.yourtakeonscience.com/hub/default26e6.html]
[hub.yourtakeonscience.com/hub/default9a80.html]
[hub.yourtakeonscience.com/hub/defaultde00.html]
[hub.yourtakeonscience.com/hub/default7fdb.html]
[hub.yourtakeonscience.com/hub/default91cd.html]
[hub.yourtakeonscience.com/hub/defaultaeac.html]
[hub.yourtakeonscience.com/hub/defaulta307.html]
[hub.yourtakeonscience.com/hub/default4d80.html]
[hub.yourtakeonscience.com/hub/default56e2.html]
[hub.yourtakeonscience.com/hub/default3b1b.html]
[hub.yourtakeonscience.com/hub/default34d5.html]
[hub.yourtakeonscience.com/hub/default57c0.html]
[hub.yourtakeonscience.com/hub/defaultf8d1.html]
[hub.yourtakeonscience.com/hub/default91ae.html]
[img.webring.com/s/wc/crewsnewlight/10076248_b.png]
[hub.yourtakeonscience.com/hub/default26ce.html]
[hub.yourtakeonscience.com/hub/default9ff7.html]
[hub.yourtakeonscience.com/hub/default6a0d.html]
[hub.yourtakeonscience.com/hub/defaulte5b1.html]
[hub.yourtakeonscience.com/hub/defaultf4d3.html]
[img.webring.com/s/bn/nice_touch/10003555_b.png]
[hub.yourtakeonscience.com/hub/default16ab.html]
[hub.yourtakeonscience.com/hub/defaultd49d.html]
[img.webring.com/s/ap/putativefact/10135184_b.png]
[hub.yourtakeonscience.com/hub/default0bfe.html]
[img.webring.com/s/tt/theentwife/999371881104_b.30d.delayed]
[hub.yourtakeonscience.com/hub/default9f0a.html]
[hub.yourtakeonscience.com/hub/defaultde49.html]
[img.webring.com/s/it/thebulletin/10090282_b.png]
[hub.yourtakeonscience.com/hub/defaultdd0f.html]
[hub.yourtakeonscience.com/hub/default4f2f.html]
[img.webring.com/s/wc/crewsnewlight/10082023_b.png]
[hub.yourtakeonscience.com/hub/default4273.html]
[hub.yourtakeonscience.com/hub/defaulte936.html]
[img.webring.com/s/it/thebulletin/10055926_b.png]
[hub.yourtakeonscience.com/hub/default674a.html]
[hub.yourtakeonscience.com/hub/default74e5.html]
[img.webring.com/s/xm/mandalaa/200004911_b.png]
[hub.yourtakeonscience.com/hub/default00d8.html]
[hub.yourtakeonscience.com/hub/defaultaba6.html]
[hub.yourtakeonscience.com/hub/defaulta980.html]
[hub.yourtakeonscience.com/hub/default5888.html]
[hub.yourtakeonscience.com/hub/default6183.html]
[img.webring.com/s/lt/teetee199thlib1/200094788_b.html]
[hub.yourtakeonscience.com/hub/default4405.html]
[hub.yourtakeonscience.com/hub/defaultcae3.html]
[hub.yourtakeonscience.com/hub/default47b5.html]
[hub.yourtakeonscience.com/hub/default4152.html]
[hub.yourtakeonscience.com/hub/default46ae.html]
[hub.yourtakeonscience.com/hub/default3bc2.html]
[img.webring.com/s/hk/kanarykrazy/10137184_b.png]
[hub.yourtakeonscience.com/hub/default5905.html]
[hub.yourtakeonscience.com/hub/default0043.html]
[hub.yourtakeonscience.com/hub/defaultbe47.html]
[hub.yourtakeonscience.com/hub/default7d09.html]
[hub.yourtakeonscience.com/hub/defaultdf1a.html]
[img.webring.com/s/ef/fantasy_faire/10182618_b.png]
[hub.yourtakeonscience.com/hub/default6cff.html]
[hub.yourtakeonscience.com/hub/defaultef9c.html]
[hub.yourtakeonscience.com/hub/default5ed6.html]
[hub.yourtakeonscience.com/hub/defaulte574.html]
[hub.yourtakeonscience.com/hub/default28c5.html]
[hub.yourtakeonscience.com/hub/default9422.html]
[hub.yourtakeonscience.com/hub/defaultc39d.html]
[img.webring.com/s/wl/lnktomi/10106780_b.png]
[hub.yourtakeonscience.com/hub/default7376.html]
[hub.yourtakeonscience.com/hub/defaultd5dc.html]
[hub.yourtakeonscience.com/hub/defaultc7db.html]
[hub.yourtakeonscience.com/hub/default413b.html]
[hub.yourtakeonscience.com/hub/default383e.html]
[hub.yourtakeonscience.com/hub/default4ed5.html]
[hub.yourtakeonscience.com/hub/defaultb4d4.html]
[hub.yourtakeonscience.com/hub/default6cd6.html]
[hub.yourtakeonscience.com/hub/default7189.html]
[hub.yourtakeonscience.com/hub/defaultba72.html]
[hub.yourtakeonscience.com/hub/default7f32.html]
[hub.yourtakeonscience.com/hub/default481f.html]
[hub.yourtakeonscience.com/hub/default86ea.html]
[hub.yourtakeonscience.com/hub/default9db2.html]
[hub.yourtakeonscience.com/hub/default0b7f.html]
[hub.yourtakeonscience.com/hub/default2b31.html]
[hub.yourtakeonscience.com/hub/default29bc.html]
[hub.yourtakeonscience.com/hub/default3cd9.html]
[img.webring.com/s/aa/airways/10075607_b.png]
[hub.yourtakeonscience.com/hub/default92ec.html]
[hub.yourtakeonscience.com/hub/defaulte9d6.html]
[hub.yourtakeonscience.com/hub/default50d3.html]
[hub.yourtakeonscience.com/hub/default1dc8.html]
[hub.yourtakeonscience.com/hub/default295a.html]
[hub.yourtakeonscience.com/hub/default6bc8.html]
[hub.yourtakeonscience.com/hub/default0dfb.html]
[hub.yourtakeonscience.com/hub/defaulte5fc.html]
[hub.yourtakeonscience.com/hub/defaultb808.html]
[hub.yourtakeonscience.com/hub/default5b88.html]
[img.webring.com/s/rc/cristean/defurl_b.png]
[hub.yourtakeonscience.com/hub/defaultece2.html]
[hub.yourtakeonscience.com/hub/default6c6f.html]
[hub.yourtakeonscience.com/hub/default6d2a.html]
[img.webring.com/s/cj/joscelynne/994077180100_b.png]
[hub.yourtakeonscience.com/hub/default40d9.html]
[img.webring.com/s/cb/bobkenet/10071842_b.png]
[img.webring.com/s/sr/rt22/10088849_b.png]
[hub.yourtakeonscience.com/hub/default6bb9.html]
[hub.yourtakeonscience.com/hub/default9a80.html]
[hub.yourtakeonscience.com/hub/defaultabcd.html]
[img.webring.com/s/nm/memajs/10017018_b.png]
[hub.yourtakeonscience.com/hub/default7fdb.html]
[hub.yourtakeonscience.com/hub/defaultf820.html]
[hub.yourtakeonscience.com/hub/defaultaeac.html]
[hub.yourtakeonscience.com/hub/defaultb943.html]
[img.webring.com/s/nm/memajs/10002748_b.png]
[hub.yourtakeonscience.com/hub/default4d80.html]
[hub.yourtakeonscience.com/hub/default06fc.html]
[img.webring.com/s/rm/mei626/defurl_b.png]
[hub.yourtakeonscience.com/hub/default3b1b.html]
[hub.yourtakeonscience.com/hub/default57c0.html]
[hub.yourtakeonscience.com/hub/default91ae.html]
[hub.yourtakeonscience.com/hub/default9ff7.html]
[hub.yourtakeonscience.com/hub/defaulte5b1.html]
[hub.yourtakeonscience.com/hub/default16ab.html]
[hub.yourtakeonscience.com/hub/default0bfe.html]
[img.webring.com/s/tt/theentwife/999371881104_b.html]
[hub.yourtakeonscience.com/hub/defaultde49.html]
[hub.yourtakeonscience.com/hub/default4f2f.html]
[hub.yourtakeonscience.com/hub/defaulte936.html]
[hub.yourtakeonscience.com/hub/default74e5.html]
[img.webring.com/s/nm/memajs/10020447_b.png]
[hub.yourtakeonscience.com/hub/defaultace8.html]
[img.webring.com/s/ii/iceduster/993418312100_b.342.delayed]
[hub.yourtakeonscience.com/hub/default5905.html]
[hub.yourtakeonscience.com/hub/default7f24.html]
[hub.yourtakeonscience.com/hub/defaultb482.html]
[hub.yourtakeonscience.com/hub/default1f78.html]
[hub.yourtakeonscience.com/hub/defaultaab4.html]
[hub.yourtakeonscience.com/hub/defaultd332.html]
[hub.yourtakeonscience.com/hub/default19f5.html]
[hub.yourtakeonscience.com/hub/defaulte8c4.html]
[hub.yourtakeonscience.com/hub/default70b1.html]
[hub.yourtakeonscience.com/hub/defaulta535.html]
[hub.yourtakeonscience.com/hub/defaultc1d5.html]
[hub.yourtakeonscience.com/hub/default8217.html]
[hub.yourtakeonscience.com/hub/defaultbe47.html]
[hub.yourtakeonscience.com/hub/defaultf798.html]
[hub.yourtakeonscience.com/hub/default7d09.html]
[hub.yourtakeonscience.com/hub/default5707.html]
[hub.yourtakeonscience.com/hub/defaultdf1a.html]
[img.webring.com/s/nm/my1968damon/10103487_b.png]
[img.webring.com/s/tp/powerfloe/10045873_b.png]
[hub.yourtakeonscience.com/hub/defaultc029.html]
[hub.yourtakeonscience.com/hub/default6cff.html]
[hub.yourtakeonscience.com/hub/defaulta0cb.html]
[hub.yourtakeonscience.com/hub/defaultef9c.html]
[hub.yourtakeonscience.com/hub/defaultaaf9.html]
[hub.yourtakeonscience.com/hub/default5ed6.html]
[hub.yourtakeonscience.com/hub/defaultb1d1.html]
[hub.yourtakeonscience.com/hub/defaulte574.html]
[hub.yourtakeonscience.com/hub/default1828.html]
[hub.yourtakeonscience.com/hub/default28c5.html]
[hub.yourtakeonscience.com/hub/default0e9e.html]
[hub.yourtakeonscience.com/hub/default9422.html]
[hub.yourtakeonscience.com/hub/default4506.html]
[hub.yourtakeonscience.com/hub/defaultc39d.html]
[hub.yourtakeonscience.com/hub/defaultef09.html]
[hub.yourtakeonscience.com/hub/default7376.html]
[hub.yourtakeonscience.com/hub/default9ca8.html]
[hub.yourtakeonscience.com/hub/defaultc7db.html]
[hub.yourtakeonscience.com/hub/default1ecb.html]
[hub.yourtakeonscience.com/hub/default383e.html]
[hub.yourtakeonscience.com/hub/defaulte3e5.html]
[hub.yourtakeonscience.com/hub/defaultb4d4.html]
[img.webring.com/s/ul/lisacolver/defurl_b.png]
[hub.yourtakeonscience.com/hub/default063d.html]
[hub.yourtakeonscience.com/hub/default7189.html]
[img.webring.com/s/ff/fitzpatrick_unlimited/200034591_b.png]
[hub.yourtakeonscience.com/hub/default07d0.html]
[hub.yourtakeonscience.com/hub/default7f32.html]
[hub.yourtakeonscience.com/hub/default40ec.html]
[img.webring.com/s/nm/memajs/10019041_b.png]
[img.webring.com/s/vj/justinalee1/10027860_b.png]
[hub.yourtakeonscience.com/hub/default86ea.html]
[hub.yourtakeonscience.com/hub/default8929.html]
[hub.yourtakeonscience.com/hub/default0b7f.html]
[hub.yourtakeonscience.com/hub/defaulta278.html]
[hub.yourtakeonscience.com/hub/default29bc.html]
[img.webring.com/s/vm/mattpoole/10090150_b.png]
[hub.yourtakeonscience.com/hub/defaulta13b.html]
[hub.yourtakeonscience.com/hub/default92ec.html]
[img.webring.com/s/un/nazirene/10105503_b.png]
[hub.yourtakeonscience.com/hub/defaultf54c.html]
[hub.yourtakeonscience.com/hub/default50d3.html]
[img.webring.com/s/kf/freestonew/10081269_b.png]
[hub.yourtakeonscience.com/hub/default295a.html]
[hub.yourtakeonscience.com/hub/default0dfb.html]
[hub.yourtakeonscience.com/hub/defaultb808.html]
[hub.yourtakeonscience.com/hub/defaultece2.html]
[hub.yourtakeonscience.com/hub/default6d2a.html]
[hub.yourtakeonscience.com/hub/default6bb9.html]
[hub.yourtakeonscience.com/hub/defaultabcd.html]
[hub.yourtakeonscience.com/hub/defaultf820.html]
[hub.yourtakeonscience.com/hub/defaultb943.html]
[hub.yourtakeonscience.com/hub/default06fc.html]
[hub.yourtakeonscience.com/hub/default1e46.html]
[img.webring.com/s/pf/fc98661/defurl_b.png]
[hub.yourtakeonscience.com/hub/defaultace8.html]
[img.webring.com/s/ii/iceduster/993418312100_b.html]
[hub.yourtakeonscience.com/hub/default9bdc.html]
[hub.yourtakeonscience.com/hub/default2774-2.html]
[hub.yourtakeonscience.com/hub/default049a.html]
[hub.yourtakeonscience.com/hub/default5727.html]
[hub.yourtakeonscience.com/hub/defaultd118.html]
[img.webring.com/s/vb/bedlambound/10089304_b.png]
[hub.yourtakeonscience.com/hub/defaulteeb5.html]
[hub.yourtakeonscience.com/hub/default7f24.html]
[hub.yourtakeonscience.com/hub/defaultf818.html]
[hub.yourtakeonscience.com/hub/defaultb482.html]
[img.webring.com/s/ap/p_richter/defurl_b.png]
[hub.yourtakeonscience.com/hub/defaultee4f.html]
[hub.yourtakeonscience.com/hub/default1f78.html]
[hub.yourtakeonscience.com/hub/defaultdf83.html]
[hub.yourtakeonscience.com/hub/defaultaab4.html]
[hub.yourtakeonscience.com/hub/default2440.html]
[hub.yourtakeonscience.com/hub/defaultd332.html]
[img.webring.com/s/om/megalodon/10178740_b.png]
[hub.yourtakeonscience.com/hub/defaultd963.html]
[hub.yourtakeonscience.com/hub/default19f5.html]
[hub.yourtakeonscience.com/hub/default2351.html]
[hub.yourtakeonscience.com/hub/defaulte8c4.html]
[hub.yourtakeonscience.com/hub/default7c25.html]
[hub.yourtakeonscience.com/hub/default70b1.html]
[hub.yourtakeonscience.com/hub/default98b6.html]
[hub.yourtakeonscience.com/hub/defaulta535.html]
[hub.yourtakeonscience.com/hub/defaultbf59.html]
[hub.yourtakeonscience.com/hub/defaultc1d5.html]
[hub.yourtakeonscience.com/hub/default90d2.html]
[hub.yourtakeonscience.com/hub/default8217.html]
[hub.yourtakeonscience.com/hub/default765c.html]
[hub.yourtakeonscience.com/hub/defaultf798.html]
[hub.yourtakeonscience.com/hub/default212b.html]
[hub.yourtakeonscience.com/hub/default5707.html]
[hub.yourtakeonscience.com/hub/defaulte66e.html]
[hub.yourtakeonscience.com/hub/defaultc029.html]
[hub.yourtakeonscience.com/hub/default02ee.html]
[img.webring.com/s/tj/johndohfreak/10091791_b.png]
[hub.yourtakeonscience.com/hub/defaulta0cb.html]
[hub.yourtakeonscience.com/hub/default086f.html]
[img.webring.com/s/bs/slashqueen/10079380_b.png]
[hub.yourtakeonscience.com/hub/defaultaaf9.html]
[hub.yourtakeonscience.com/hub/default013a.html]
[hub.yourtakeonscience.com/hub/defaultb1d1.html]
[img.webring.com/s/ha/a_mother/defurl_b.png]
[hub.yourtakeonscience.com/hub/default8de9.html]
[hub.yourtakeonscience.com/hub/default1828.html]
[img.webring.com/s/nj/joann7/10014232_b.png]
[hub.yourtakeonscience.com/hub/default39d9.html]
[img.webring.com/s/mp/prairiebreezes/10026401_b.38d.delayed]
[hub.yourtakeonscience.com/hub/default0e9e.html]
[hub.yourtakeonscience.com/hub/default93db.html]
[img.webring.com/s/nt/toddybear78/991704193103_b.38f.delayed]
[hub.yourtakeonscience.com/hub/default4506.html]
[img.webring.com/s/kf/freestonew/10060104_b.png]
[hub.yourtakeonscience.com/hub/defaultef09.html]
[hub.yourtakeonscience.com/hub/default9ca8.html]
[hub.yourtakeonscience.com/hub/default1ecb.html]
[hub.yourtakeonscience.com/hub/defaulte3e5.html]
[hub.yourtakeonscience.com/hub/default063d.html]
[hub.yourtakeonscience.com/hub/default07d0.html]
[hub.yourtakeonscience.com/hub/default40ec.html]
[hub.yourtakeonscience.com/hub/default8929.html]
[hub.yourtakeonscience.com/hub/defaulta278.html]
[hub.yourtakeonscience.com/hub/defaulta13b.html]
[hub.yourtakeonscience.com/hub/defaultf54c.html]
[img.webring.com/s/ub/boo_kitty/10097829_b.png]
[hub.yourtakeonscience.com/hub/default1e46.html]
[hub.yourtakeonscience.com/hub/defaultf984.html]
[hub.yourtakeonscience.com/hub/default9bdc.html]
[hub.yourtakeonscience.com/hub/default4b6b.html]
[hub.yourtakeonscience.com/hub/default2774-2.html]
[img.webring.com/s/rq/quikkfastt2/200016978_b.png]
[hub.yourtakeonscience.com/hub/default22ae.html]
[hub.yourtakeonscience.com/hub/default049a.html]
[hub.yourtakeonscience.com/hub/default78bd.html]
[hub.yourtakeonscience.com/hub/default5727.html]
[hub.yourtakeonscience.com/hub/default09f2.html]
[hub.yourtakeonscience.com/hub/defaultd118.html]
[img.webring.com/s/sb/boos_hh/boostopsites_b.png]
[hub.yourtakeonscience.com/hub/default8c28.html]
[hub.yourtakeonscience.com/hub/defaulteeb5.html]
[hub.yourtakeonscience.com/hub/defaultf818.html]
[hub.yourtakeonscience.com/hub/defaultee4f.html]
[hub.yourtakeonscience.com/hub/defaultdf83.html]
[hub.yourtakeonscience.com/hub/default2440.html]
[hub.yourtakeonscience.com/hub/defaultd963.html]
[hub.yourtakeonscience.com/hub/default2351.html]
[hub.yourtakeonscience.com/hub/default7c25.html]
[hub.yourtakeonscience.com/hub/default98b6.html]
[hub.yourtakeonscience.com/hub/defaultbf59.html]
[hub.yourtakeonscience.com/hub/default90d2.html]
[hub.yourtakeonscience.com/hub/default765c.html]
[hub.yourtakeonscience.com/hub/default212b.html]
[hub.yourtakeonscience.com/hub/defaulte66e.html]
[hub.yourtakeonscience.com/hub/default02ee.html]
[hub.yourtakeonscience.com/hub/default086f.html]
[hub.yourtakeonscience.com/hub/default013a.html]
[hub.yourtakeonscience.com/hub/default8de9.html]
[img.webring.com/s/ij/jonlobl/10192519_b.png]
[hub.yourtakeonscience.com/hub/default39d9.html]
[img.webring.com/s/mp/prairiebreezes/10026401_b.html]
[hub.yourtakeonscience.com/hub/default93db.html]
[img.webring.com/s/nt/toddybear78/991704193103_b.html]
[hub.yourtakeonscience.com/hub/defaultf984.html]
[hub.yourtakeonscience.com/hub/default4b6b.html]
[hub.yourtakeonscience.com/hub/default22ae.html]
[hub.yourtakeonscience.com/hub/default78bd.html]
[hub.yourtakeonscience.com/hub/default09f2.html]
[hub.yourtakeonscience.com/hub/default8c28.html]
